---
source: code-blocks-server/tests/test_api.rs
expression: "code_blocks_server::move_block(MoveBlockArgs {\n            queries: get_query_strings(SupportedLanguage::Python),\n            text: r#\"\n        @decor1\n        @decor2\n        class A:\n            ...\n           \n        class C:\n            \"\"\"class docstring\"\"\"\n        \n            def __init__(self):\n                pass\n        \n            #Vsrc\n            @staticmethod()\n            def foo():\n                \"\"\"method docstring\"\"\"\n                \n            #Vdst\n            def bar():\n                ...\n                \n        def func():\n            ...\n\"#.to_string(),\n            language: SupportedLanguage::Python,\n            src_block: src_block.into(),\n            dst_block: dst_block.into(),\n        }).unwrap()"
---

        @decor1
        @decor2
        class A:
            ...
           
        class C:
            """class docstring"""
        
            def __init__(self):
                pass
        
            #Vsrc
            #Vdst
            def bar():
                ...
                
            @staticmethod()
            def foo():
                """method docstring"""
                
        def func():
            ...

